// Jest Snapshot v1, https://goo.gl/fbAQLP

exports[`should render edit Expense Page correctly 1`] = `
<div>
  <ExpenseForm
    expense={
      Object {
        "amount": 12,
        "createdAt": -345600000,
        "description": "Rent 1",
        "id": "1",
        "note": "",
      }
    }
    onSubmit={[Function]}
  />
  <button
    onClick={[Function]}
  >
    Remove
  </button>
</div>
`;
