// Jest Snapshot v1, https://goo.gl/fbAQLP

exports[`should render not found page 1`] = `
<div>
  404!-
  <Link
    to="/"
  >
    GO Home
  </Link>
</div>
`;
